// Jest Snapshot v1, https://goo.gl/fbAQLP

exports[`should match snapshot 1`] = `
<div>
  <h1
    data-testid="detail-id"
  >
    Hello World
  </h1>
  <button
    data-testid="detail-click-me-button-id"
    onClick={[Function]}
  >
    Click me!
  </button>
  <form>
    <input
      aria-label="input"
      data-testid="input-id"
      onChange={[Function]}
    />
    <button
      data-testid="detail-submit-button-id"
      type="submit"
    />
  </form>
</div>
`;
