// Jest Snapshot v1, https://goo.gl/fbAQLP

exports[`Search setup should match snapshot 1`] = `
<div>
  <div
    className="component-search-input"
  >
    <div
      className="input-container"
    >
      <input
        data-testid="search-input-id"
        id="action-search"
        maxLength={30}
        minLength={2}
        onChange={[Function]}
        placeholder="Search Action"
        type="text"
      />
    </div>
    <button
      data-testid="search-button-id"
      onClick={[Function]}
      type="submit"
      value="Search"
    />
  </div>
  <div
    className="search-unknown"
    style={
      Object {
        "visibility": "hidden",
      }
    }
  >
    
  </div>
  <div
    className="container"
    data-testid="search-container-id"
  />
</div>
`;
