// Jest Snapshot v1, https://goo.gl/fbAQLP

exports[`Search setup should match snapshot 1`] = `
<div>
  <div
    className="component-search-input"
  >
    <div
      className="input-container"
    >
      <input
        data-testid="search-input-id"
        id="action-search"
        maxLength={30}
        minLength={2}
        onChange={[Function]}
        placeholder="Search Action"
        type="text"
      />
    </div>
    <button
      data-testid="search-button-id"
      onClick={[Function]}
      type="submit"
      value="Search"
    />
  </div>
  <div
    className="search-unknown"
    style={
      Object {
        "visibility": "hidden",
      }
    }
  >
    Unable to find the action you were looking for
  </div>
  <div
    className="container"
    data-testid="search-container-id"
  >
    <a
      href="/action_detail/ADBE"
      onClick={[Function]}
      style={
        Object {
          "color": "inherit",
          "textDecoration": "none",
        }
      }
    >
      <div
        className="action-card"
        data-testid="action-card-id-ADBE"
        onClick={[Function]}
      >
        <h2
          className="action-card-title"
        >
          ADBE
        </h2>
        <p
          className="action-card-company"
        >
          Adobe Inc
        </p>
        <p
          className="action-card-price"
        >
          Score 
          0.864
        </p>
      </div>
    </a>
    <a
      href="/action_detail/SPOT"
      onClick={[Function]}
      style={
        Object {
          "color": "inherit",
          "textDecoration": "none",
        }
      }
    >
      <div
        className="action-card"
        data-testid="action-card-id-SPOT"
        onClick={[Function]}
      >
        <h2
          className="action-card-title"
        >
          SPOT
        </h2>
        <p
          className="action-card-company"
        >
          Spotify Technology S.A.
        </p>
        <p
          className="action-card-price"
        >
          Score 
          0.875
        </p>
      </div>
    </a>
    <a
      href="/action_detail/BJ"
      onClick={[Function]}
      style={
        Object {
          "color": "inherit",
          "textDecoration": "none",
        }
      }
    >
      <div
        className="action-card"
        data-testid="action-card-id-BJ"
        onClick={[Function]}
      >
        <h2
          className="action-card-title"
        >
          BJ
        </h2>
        <p
          className="action-card-company"
        >
          BJ\`s Wholesale Club Holdings Inc
        </p>
        <p
          className="action-card-price"
        >
          Score 
          0.756
        </p>
      </div>
    </a>
    <a
      href="/action_detail/GME"
      onClick={[Function]}
      style={
        Object {
          "color": "inherit",
          "textDecoration": "none",
        }
      }
    >
      <div
        className="action-card"
        data-testid="action-card-id-GME"
        onClick={[Function]}
      >
        <h2
          className="action-card-title"
        >
          GME
        </h2>
        <p
          className="action-card-company"
        >
          Gamestop Corporation
        </p>
        <p
          className="action-card-price"
        >
          Score 
          0.985
        </p>
      </div>
    </a>
    <a
      href="/action_detail/TSLA"
      onClick={[Function]}
      style={
        Object {
          "color": "inherit",
          "textDecoration": "none",
        }
      }
    >
      <div
        className="action-card"
        data-testid="action-card-id-TSLA"
        onClick={[Function]}
      >
        <h2
          className="action-card-title"
        >
          TSLA
        </h2>
        <p
          className="action-card-company"
        >
          Tesla Inc
        </p>
        <p
          className="action-card-price"
        >
          Score 
          0.735
        </p>
      </div>
    </a>
  </div>
</div>
`;
